// Jest Snapshot v1, https://goo.gl/fbAQLP

exports[`Snapshot 1`] = `
Object {
  "Outputs": Object {
    "output": Object {
      "Value": Object {
        "Fn::Join": Array [
          "",
          Array [
            Object {
              "Ref": "AWS::AccountId",
            },
            ".dkr.ecr.",
            Object {
              "Ref": "AWS::Region",
            },
            ".",
            Object {
              "Ref": "AWS::URLSuffix",
            },
            "/aws-cdk/assets:081d61aabae441170677433ce52c96bcc8d23f6e4d70643bd2ea6b2e6dd570f5",
          ],
        ],
      },
    },
  },
  "Parameters": Object {
    "AssetParameters713bb8386428293da6e120d9844f696685a07336b6c246ff8702c396d916dbcfArtifactHash879550CE": Object {
      "Description": "Artifact hash for asset \\"713bb8386428293da6e120d9844f696685a07336b6c246ff8702c396d916dbcf\\"",
      "Type": "String",
    },
    "AssetParameters713bb8386428293da6e120d9844f696685a07336b6c246ff8702c396d916dbcfS3Bucket4868A327": Object {
      "Description": "S3 bucket for asset \\"713bb8386428293da6e120d9844f696685a07336b6c246ff8702c396d916dbcf\\"",
      "Type": "String",
    },
    "AssetParameters713bb8386428293da6e120d9844f696685a07336b6c246ff8702c396d916dbcfS3VersionKey421DE728": Object {
      "Description": "S3 key for asset version \\"713bb8386428293da6e120d9844f696685a07336b6c246ff8702c396d916dbcf\\"",
      "Type": "String",
    },
    "AssetParametersc8ffddbe3e327bdd704b2c819d8bd3e96f670f41609a1a78b38cf8eceb9a1a55ArtifactHashF6C7BCE8": Object {
      "Description": "Artifact hash for asset \\"c8ffddbe3e327bdd704b2c819d8bd3e96f670f41609a1a78b38cf8eceb9a1a55\\"",
      "Type": "String",
    },
    "AssetParametersc8ffddbe3e327bdd704b2c819d8bd3e96f670f41609a1a78b38cf8eceb9a1a55S3BucketE81E5C3D": Object {
      "Description": "S3 bucket for asset \\"c8ffddbe3e327bdd704b2c819d8bd3e96f670f41609a1a78b38cf8eceb9a1a55\\"",
      "Type": "String",
    },
    "AssetParametersc8ffddbe3e327bdd704b2c819d8bd3e96f670f41609a1a78b38cf8eceb9a1a55S3VersionKeyB3C6F793": Object {
      "Description": "S3 key for asset version \\"c8ffddbe3e327bdd704b2c819d8bd3e96f670f41609a1a78b38cf8eceb9a1a55\\"",
      "Type": "String",
    },
  },
  "Resources": Object {
    "MyHandler6B74D312": Object {
      "DependsOn": Array [
        "MyHandlerServiceRoleFFA06653",
      ],
      "Properties": Object {
        "Code": Object {
          "S3Bucket": Object {
            "Ref": "AssetParametersc8ffddbe3e327bdd704b2c819d8bd3e96f670f41609a1a78b38cf8eceb9a1a55S3BucketE81E5C3D",
          },
          "S3Key": Object {
            "Fn::Join": Array [
              "",
              Array [
                Object {
                  "Fn::Select": Array [
                    0,
                    Object {
                      "Fn::Split": Array [
                        "||",
                        Object {
                          "Ref": "AssetParametersc8ffddbe3e327bdd704b2c819d8bd3e96f670f41609a1a78b38cf8eceb9a1a55S3VersionKeyB3C6F793",
                        },
                      ],
                    },
                  ],
                },
                Object {
                  "Fn::Select": Array [
                    1,
                    Object {
                      "Fn::Split": Array [
                        "||",
                        Object {
                          "Ref": "AssetParametersc8ffddbe3e327bdd704b2c819d8bd3e96f670f41609a1a78b38cf8eceb9a1a55S3VersionKeyB3C6F793",
                        },
                      ],
                    },
                  ],
                },
              ],
            ],
          },
        },
        "Handler": "index.handler",
        "Layers": Array [
          Object {
            "Ref": "MyLayer38944FA5",
          },
        ],
        "Role": Object {
          "Fn::GetAtt": Array [
            "MyHandlerServiceRoleFFA06653",
            "Arn",
          ],
        },
        "Runtime": "nodejs12.x",
      },
      "Type": "AWS::Lambda::Function",
    },
    "MyHandlerServiceRoleFFA06653": Object {
      "Properties": Object {
        "AssumeRolePolicyDocument": Object {
          "Statement": Array [
            Object {
              "Action": "sts:AssumeRole",
              "Effect": "Allow",
              "Principal": Object {
                "Service": "lambda.amazonaws.com",
              },
            },
          ],
          "Version": "2012-10-17",
        },
        "ManagedPolicyArns": Array [
          Object {
            "Fn::Join": Array [
              "",
              Array [
                "arn:",
                Object {
                  "Ref": "AWS::Partition",
                },
                ":iam::aws:policy/service-role/AWSLambdaBasicExecutionRole",
              ],
            ],
          },
        ],
      },
      "Type": "AWS::IAM::Role",
    },
    "MyLayer38944FA5": Object {
      "Properties": Object {
        "CompatibleRuntimes": Array [
          "nodejs12.x",
        ],
        "Content": Object {
          "S3Bucket": Object {
            "Ref": "AssetParameters713bb8386428293da6e120d9844f696685a07336b6c246ff8702c396d916dbcfS3Bucket4868A327",
          },
          "S3Key": Object {
            "Fn::Join": Array [
              "",
              Array [
                Object {
                  "Fn::Select": Array [
                    0,
                    Object {
                      "Fn::Split": Array [
                        "||",
                        Object {
                          "Ref": "AssetParameters713bb8386428293da6e120d9844f696685a07336b6c246ff8702c396d916dbcfS3VersionKey421DE728",
                        },
                      ],
                    },
                  ],
                },
                Object {
                  "Fn::Select": Array [
                    1,
                    Object {
                      "Fn::Split": Array [
                        "||",
                        Object {
                          "Ref": "AssetParameters713bb8386428293da6e120d9844f696685a07336b6c246ff8702c396d916dbcfS3VersionKey421DE728",
                        },
                      ],
                    },
                  ],
                },
              ],
            ],
          },
        },
        "Description": "A layer to test the L2 construct",
      },
      "Type": "AWS::Lambda::LayerVersion",
    },
  },
}
`;
